{"level":"info","message":"--- Starting Data Pipeline ---","timestamp":"2024-12-08T06:49:09.870Z"}
{"level":"info","message":"Fetching token prices from CoinGecko...","timestamp":"2024-12-08T06:49:09.873Z"}
{"level":"info","message":"Fetching token prices from CoinGecko...","timestamp":"2024-12-08T06:49:09.875Z"}
{"level":"info","message":"Token prices fetched successfully:","timestamp":"2024-12-08T06:49:11.198Z"}
{"level":"info","message":"Fetched CoinGecko data successfully.","timestamp":"2024-12-08T06:49:11.199Z"}
{"level":"info","message":"Fetching GMX token prices...","timestamp":"2024-12-08T06:49:11.199Z"}
{"level":"info","message":"Fetching GMX token prices from arbitrum...","timestamp":"2024-12-08T06:49:11.200Z"}
{"level":"error","message":"Error fetching GMX token prices: Invalid URL","timestamp":"2024-12-08T06:49:11.204Z"}
{"level":"info","message":"Fetching GMX pairs from arbitrum...","timestamp":"2024-12-08T06:49:11.206Z"}
{"level":"info","message":"Starting trend analysis...","timestamp":"2024-12-08T06:49:11.754Z"}
{"level":"error","message":"No data provided for analysis.","timestamp":"2024-12-08T06:49:11.756Z"}
{"level":"info","message":"Pairs fetched successfully:","timestamp":"2024-12-08T06:49:12.367Z"}
{"level":"info","message":"Fetching GMX token prices from avalanche...","timestamp":"2024-12-08T06:49:12.368Z"}
{"level":"error","message":"Error fetching GMX token prices: Invalid URL","timestamp":"2024-12-08T06:49:12.369Z"}
{"level":"info","message":"Fetching GMX pairs from avalanche...","timestamp":"2024-12-08T06:49:12.370Z"}
{"level":"info","message":"Pairs fetched successfully:","timestamp":"2024-12-08T06:49:13.590Z"}
{"level":"info","message":"Fetched GMX data successfully.","timestamp":"2024-12-08T06:49:13.591Z"}
{"level":"info","message":"Fetching Uniswap data...","timestamp":"2024-12-08T06:49:13.592Z"}
{"level":"error","message":"Error in data pipeline: fetchUniswapData is not a function","timestamp":"2024-12-08T06:49:13.593Z"}
{"level":"info","message":"--- Starting Data Pipeline ---","timestamp":"2024-12-08T06:49:22.248Z"}
{"level":"info","message":"Fetching token prices from CoinGecko...","timestamp":"2024-12-08T06:49:22.252Z"}
{"level":"info","message":"Fetching token prices from CoinGecko...","timestamp":"2024-12-08T06:49:22.253Z"}
{"level":"info","message":"Token prices fetched successfully:","timestamp":"2024-12-08T06:49:22.549Z"}
{"level":"info","message":"Fetched CoinGecko data successfully.","timestamp":"2024-12-08T06:49:22.550Z"}
{"level":"info","message":"Fetching GMX token prices...","timestamp":"2024-12-08T06:49:22.551Z"}
{"level":"info","message":"Fetching GMX token prices from arbitrum...","timestamp":"2024-12-08T06:49:22.552Z"}
{"level":"error","message":"Error fetching GMX token prices: Invalid URL","timestamp":"2024-12-08T06:49:22.555Z"}
{"level":"info","message":"Fetching GMX pairs from arbitrum...","timestamp":"2024-12-08T06:49:22.557Z"}
{"level":"info","message":"Starting trend analysis...","timestamp":"2024-12-08T06:49:23.121Z"}
{"level":"error","message":"No data provided for analysis.","timestamp":"2024-12-08T06:49:23.122Z"}
{"level":"info","message":"Pairs fetched successfully:","timestamp":"2024-12-08T06:49:23.729Z"}
{"level":"info","message":"Fetching GMX token prices from avalanche...","timestamp":"2024-12-08T06:49:23.730Z"}
{"level":"error","message":"Error fetching GMX token prices: Invalid URL","timestamp":"2024-12-08T06:49:23.731Z"}
{"level":"info","message":"Fetching GMX pairs from avalanche...","timestamp":"2024-12-08T06:49:23.732Z"}
{"level":"info","message":"Pairs fetched successfully:","timestamp":"2024-12-08T06:49:24.342Z"}
{"level":"info","message":"Fetched GMX data successfully.","timestamp":"2024-12-08T06:49:24.343Z"}
{"level":"info","message":"Fetching Uniswap data...","timestamp":"2024-12-08T06:49:24.343Z"}
{"level":"error","message":"Error in data pipeline: fetchUniswapData is not a function","timestamp":"2024-12-08T06:49:24.344Z"}
{"level":"info","message":"--- Starting Data Pipeline ---","timestamp":"2024-12-08T06:58:29.113Z"}
{"level":"info","message":"Fetching token prices from CoinGecko...","timestamp":"2024-12-08T06:58:29.119Z"}
{"level":"info","message":"Fetching token prices from CoinGecko...","timestamp":"2024-12-08T06:58:29.120Z"}
{"level":"info","message":"Token prices fetched successfully:","timestamp":"2024-12-08T06:58:29.432Z"}
{"level":"info","message":"Fetched CoinGecko data successfully.","timestamp":"2024-12-08T06:58:29.433Z"}
{"level":"info","message":"Fetching GMX token prices...","timestamp":"2024-12-08T06:58:29.433Z"}
{"level":"info","message":"Fetching GMX token prices from arbitrum...","timestamp":"2024-12-08T06:58:29.434Z"}
{"level":"error","message":"Error fetching GMX token prices: Invalid URL","timestamp":"2024-12-08T06:58:29.438Z"}
{"level":"info","message":"Fetching GMX pairs from arbitrum...","timestamp":"2024-12-08T06:58:29.439Z"}
{"level":"info","message":"Pairs fetched successfully:","timestamp":"2024-12-08T06:58:30.895Z"}
{"level":"info","message":"Fetching GMX token prices from avalanche...","timestamp":"2024-12-08T06:58:30.896Z"}
{"level":"error","message":"Error fetching GMX token prices: Invalid URL","timestamp":"2024-12-08T06:58:30.898Z"}
{"level":"info","message":"Fetching GMX pairs from avalanche...","timestamp":"2024-12-08T06:58:30.898Z"}
{"level":"info","message":"Pairs fetched successfully:","timestamp":"2024-12-08T06:58:31.835Z"}
{"level":"info","message":"Fetched GMX data successfully.","timestamp":"2024-12-08T06:58:31.836Z"}
{"level":"info","message":"Fetching Uniswap data...","timestamp":"2024-12-08T06:58:31.836Z"}
{"level":"error","message":"Error in data pipeline: fetchUniswapData is not a function","timestamp":"2024-12-08T06:58:31.837Z"}
{"level":"info","message":"--- Starting Data Pipeline ---","timestamp":"2024-12-08T07:22:51.888Z"}
{"level":"info","message":"Fetching token prices from CoinGecko...","timestamp":"2024-12-08T07:22:51.894Z"}
{"level":"info","message":"Fetching token prices from CoinGecko...","timestamp":"2024-12-08T07:22:51.895Z"}
{"level":"info","message":"Token prices fetched successfully:","timestamp":"2024-12-08T07:22:52.236Z"}
{"level":"info","message":"Fetched CoinGecko data successfully.","timestamp":"2024-12-08T07:22:52.237Z"}
{"level":"info","message":"Fetching GMX token prices...","timestamp":"2024-12-08T07:22:52.238Z"}
{"level":"error","message":"GMX token prices URL not found for network: arbitrum","timestamp":"2024-12-08T07:22:52.239Z"}
{"level":"error","message":"Error in data pipeline: Missing URL for GMX token prices on arbitrum","timestamp":"2024-12-08T07:22:52.240Z"}
{"level":"info","message":"--- Starting Data Pipeline ---","timestamp":"2024-12-08T07:22:59.014Z"}
{"level":"info","message":"Fetching token prices from CoinGecko...","timestamp":"2024-12-08T07:22:59.020Z"}
{"level":"info","message":"Fetching token prices from CoinGecko...","timestamp":"2024-12-08T07:22:59.020Z"}
{"level":"info","message":"Token prices fetched successfully:","timestamp":"2024-12-08T07:22:59.230Z"}
{"level":"info","message":"Fetched CoinGecko data successfully.","timestamp":"2024-12-08T07:22:59.231Z"}
{"level":"info","message":"Fetching GMX token prices...","timestamp":"2024-12-08T07:22:59.231Z"}
{"level":"error","message":"GMX token prices URL not found for network: arbitrum","timestamp":"2024-12-08T07:22:59.232Z"}
{"level":"error","message":"Error in data pipeline: Missing URL for GMX token prices on arbitrum","timestamp":"2024-12-08T07:22:59.233Z"}
{"level":"info","message":"--- Starting Data Pipeline ---","timestamp":"2024-12-08T07:23:08.292Z"}
{"level":"info","message":"Fetching token prices from CoinGecko...","timestamp":"2024-12-08T07:23:08.297Z"}
{"level":"info","message":"Fetching token prices from CoinGecko...","timestamp":"2024-12-08T07:23:08.298Z"}
{"level":"info","message":"Token prices fetched successfully:","timestamp":"2024-12-08T07:23:08.473Z"}
{"level":"info","message":"Fetched CoinGecko data successfully.","timestamp":"2024-12-08T07:23:08.474Z"}
{"level":"info","message":"Fetching GMX token prices...","timestamp":"2024-12-08T07:23:08.475Z"}
{"level":"error","message":"GMX token prices URL not found for network: arbitrum","timestamp":"2024-12-08T07:23:08.476Z"}
{"level":"error","message":"Error in data pipeline: Missing URL for GMX token prices on arbitrum","timestamp":"2024-12-08T07:23:08.477Z"}
{"level":"info","message":"--- Starting Data Pipeline ---","timestamp":"2024-12-08T07:27:16.499Z"}
{"level":"info","message":"Fetching token prices from CoinGecko...","timestamp":"2024-12-08T07:27:16.504Z"}
{"level":"info","message":"Fetching token prices from CoinGecko...","timestamp":"2024-12-08T07:27:16.505Z"}
{"level":"info","message":"Token prices fetched successfully:","timestamp":"2024-12-08T07:27:16.693Z"}
{"level":"info","message":"Fetched CoinGecko data successfully.","timestamp":"2024-12-08T07:27:16.694Z"}
{"level":"info","message":"Fetching GMX token prices...","timestamp":"2024-12-08T07:27:16.695Z"}
{"level":"info","message":"Fetching GMX token prices from arbitrum...","timestamp":"2024-12-08T07:27:16.696Z"}
{"level":"info","message":"Token prices fetched successfully:","timestamp":"2024-12-08T07:27:17.206Z"}
{"level":"error","message":"GMX pairs URL not found for network: arbitrum","timestamp":"2024-12-08T07:27:17.209Z"}
{"level":"error","message":"Error in data pipeline: Missing URL for GMX pairs on arbitrum","timestamp":"2024-12-08T07:27:17.213Z"}
{"level":"info","message":"--- Starting Data Pipeline ---","timestamp":"2024-12-08T07:32:42.923Z"}
{"level":"info","message":"Fetching token prices from CoinGecko...","timestamp":"2024-12-08T07:32:42.929Z"}
{"level":"info","message":"Fetching token prices from CoinGecko...","timestamp":"2024-12-08T07:32:42.930Z"}
{"level":"info","message":"Token prices fetched successfully:","timestamp":"2024-12-08T07:32:43.221Z"}
{"level":"info","message":"Fetched CoinGecko data successfully.","timestamp":"2024-12-08T07:32:43.222Z"}
{"level":"info","message":"Fetching GMX token prices...","timestamp":"2024-12-08T07:32:43.222Z"}
{"level":"info","message":"Fetching GMX token prices from arbitrum...","timestamp":"2024-12-08T07:32:43.223Z"}
{"level":"info","message":"Token prices fetched successfully:","timestamp":"2024-12-08T07:32:43.777Z"}
{"level":"error","message":"GMX pairs URL not found for network: arbitrum","timestamp":"2024-12-08T07:32:43.778Z"}
{"level":"error","message":"Error in data pipeline: Missing URL for GMX pairs on arbitrum","timestamp":"2024-12-08T07:32:43.780Z"}
{"level":"info","message":"--- Starting Data Pipeline ---","timestamp":"2024-12-08T07:39:36.996Z"}
{"level":"info","message":"Fetching token prices from CoinGecko...","timestamp":"2024-12-08T07:39:37.001Z"}
{"level":"info","message":"Fetching token prices from CoinGecko...","timestamp":"2024-12-08T07:39:37.002Z"}
{"level":"info","message":"Token prices fetched successfully:","timestamp":"2024-12-08T07:39:37.612Z"}
{"level":"info","message":"Fetched CoinGecko data successfully.","timestamp":"2024-12-08T07:39:37.613Z"}
{"level":"info","message":"Fetching GMX token prices...","timestamp":"2024-12-08T07:39:37.614Z"}
{"level":"info","message":"Fetching GMX token prices from arbitrum...","timestamp":"2024-12-08T07:39:37.616Z"}
{"level":"info","message":"Token prices fetched successfully:","timestamp":"2024-12-08T07:39:38.214Z"}
{"level":"error","message":"Error in data pipeline: fetchGmxPairs is not a function","timestamp":"2024-12-08T07:39:38.215Z"}
{"level":"info","message":"--- Starting Data Pipeline ---","timestamp":"2024-12-08T07:43:20.180Z"}
{"level":"info","message":"Fetching token prices from CoinGecko...","timestamp":"2024-12-08T07:43:20.183Z"}
{"level":"info","message":"Fetching token prices from CoinGecko...","timestamp":"2024-12-08T07:43:20.184Z"}
{"level":"info","message":"Token prices fetched successfully:","timestamp":"2024-12-08T07:43:20.572Z"}
{"level":"info","message":"Fetched CoinGecko data successfully.","timestamp":"2024-12-08T07:43:20.572Z"}
{"level":"info","message":"Fetching GMX token prices...","timestamp":"2024-12-08T07:43:20.573Z"}
{"level":"info","message":"Fetching GMX token prices from arbitrum...","timestamp":"2024-12-08T07:43:20.574Z"}
{"level":"info","message":"Token prices fetched successfully:","timestamp":"2024-12-08T07:43:21.137Z"}
{"level":"error","message":"Error in data pipeline: fetchGmxPairs is not a function","timestamp":"2024-12-08T07:43:21.139Z"}
{"level":"info","message":"Generating trading signals...","timestamp":"2024-12-08T07:43:21.166Z"}
{"level":"info","message":"Using AI model for signal generation...","timestamp":"2024-12-08T07:43:21.166Z"}
{"level":"info","message":"Generating signals using AI model...","timestamp":"2024-12-08T07:43:21.167Z"}
{"level":"info","message":"Using mock AI model for predictions...","timestamp":"2024-12-08T07:43:21.168Z"}
{"level":"info","message":"Mock signal for ethereum: Buy (Confidence: 0.78)","timestamp":"2024-12-08T07:43:21.169Z"}
{"level":"info","message":"Mock signal for zksync: Sell (Confidence: 0.27)","timestamp":"2024-12-08T07:43:21.169Z"}
{"level":"info","message":"Mock signal for GMX-Arbitrum: Buy (Confidence: 0.88)","timestamp":"2024-12-08T07:43:21.169Z"}
{"level":"info","message":"Mock signal for GMX-Avalanche: Hold (Confidence: 0.50)","timestamp":"2024-12-08T07:43:21.170Z"}
{"level":"info","message":"AI signals generated successfully:","timestamp":"2024-12-08T07:43:21.170Z"}
{"level":"info","message":"--- Starting Live Trading ---","timestamp":"2024-12-08T07:43:21.174Z"}
{"level":"info","message":"Generating trading signals...","timestamp":"2024-12-08T07:43:21.175Z"}
{"level":"info","message":"Using AI model for signal generation...","timestamp":"2024-12-08T07:43:21.175Z"}
{"level":"info","message":"Generating signals using AI model...","timestamp":"2024-12-08T07:43:21.175Z"}
{"level":"info","message":"Using mock AI model for predictions...","timestamp":"2024-12-08T07:43:21.175Z"}
{"level":"info","message":"Mock signal for ethereum: Sell (Confidence: 0.12)","timestamp":"2024-12-08T07:43:21.175Z"}
{"level":"info","message":"Mock signal for zksync: Hold (Confidence: 0.31)","timestamp":"2024-12-08T07:43:21.175Z"}
{"level":"info","message":"Mock signal for GMX-Arbitrum: Hold (Confidence: 0.61)","timestamp":"2024-12-08T07:43:21.176Z"}
{"level":"info","message":"Mock signal for GMX-Avalanche: Buy (Confidence: 0.95)","timestamp":"2024-12-08T07:43:21.176Z"}
{"level":"info","message":"AI signals generated successfully:","timestamp":"2024-12-08T07:43:21.176Z"}
{"level":"warn","message":"Skipping trade for ethereum: Low confidence (0.12).","timestamp":"2024-12-08T07:43:21.176Z"}
{"level":"warn","message":"Skipping trade for zksync: Low confidence (0.31).","timestamp":"2024-12-08T07:43:21.176Z"}
{"level":"warn","message":"Skipping trade for GMX-Arbitrum: Low confidence (0.61).","timestamp":"2024-12-08T07:43:21.176Z"}
{"level":"info","message":"Executing trade for GMX-Avalanche: Signal - Buy, Confidence - 0.95, Price - undefined","timestamp":"2024-12-08T07:43:21.177Z"}
{"level":"info","message":"Preparing to execute Buy trade for GMX-Avalanche at price undefined...","timestamp":"2024-12-08T07:43:21.177Z"}
{"level":"error","message":"Trade execution failed for GMX-Avalanche: getDexContract is not a function","timestamp":"2024-12-08T07:43:21.177Z"}
{"level":"error","message":"Trade failed for GMX-Avalanche: getDexContract is not a function","timestamp":"2024-12-08T07:43:21.177Z"}
{"level":"info","message":"Live trading session completed successfully.","timestamp":"2024-12-08T07:43:21.178Z"}
{"level":"info","message":"--- Starting Data Pipeline ---","timestamp":"2024-12-08T07:48:17.753Z"}
{"level":"info","message":"Fetching token prices from CoinGecko...","timestamp":"2024-12-08T07:48:17.758Z"}
{"level":"info","message":"Fetching token prices from CoinGecko...","timestamp":"2024-12-08T07:48:17.759Z"}
{"level":"info","message":"Token prices fetched successfully:","timestamp":"2024-12-08T07:48:18.085Z"}
{"level":"info","message":"Fetched CoinGecko data successfully.","timestamp":"2024-12-08T07:48:18.086Z"}
{"level":"info","message":"Fetching GMX token prices...","timestamp":"2024-12-08T07:48:18.087Z"}
{"level":"info","message":"Fetching GMX token prices from arbitrum...","timestamp":"2024-12-08T07:48:18.088Z"}
{"level":"info","message":"Token prices fetched successfully:","timestamp":"2024-12-08T07:48:18.814Z"}
{"level":"error","message":"Error in data pipeline: fetchGmxPairs is not a function","timestamp":"2024-12-08T07:48:18.817Z"}
{"level":"info","message":"Generating trading signals...","timestamp":"2024-12-08T07:48:18.822Z"}
{"level":"info","message":"Using AI model for signal generation...","timestamp":"2024-12-08T07:48:18.822Z"}
{"level":"info","message":"Generating signals using AI model...","timestamp":"2024-12-08T07:48:18.823Z"}
{"level":"info","message":"Using mock AI model for predictions...","timestamp":"2024-12-08T07:48:18.824Z"}
{"level":"info","message":"Mock signal for ethereum: Buy (Confidence: 0.95)","timestamp":"2024-12-08T07:48:18.824Z"}
{"level":"info","message":"Mock signal for zksync: Sell (Confidence: 0.11)","timestamp":"2024-12-08T07:48:18.825Z"}
{"level":"info","message":"Mock signal for GMX-Arbitrum: Buy (Confidence: 0.85)","timestamp":"2024-12-08T07:48:18.825Z"}
{"level":"info","message":"Mock signal for GMX-Avalanche: Hold (Confidence: 0.52)","timestamp":"2024-12-08T07:48:18.826Z"}
{"level":"info","message":"AI signals generated successfully:","timestamp":"2024-12-08T07:48:18.826Z"}
{"level":"info","message":"--- Starting Live Trading ---","timestamp":"2024-12-08T07:48:18.833Z"}
{"level":"info","message":"Generating trading signals...","timestamp":"2024-12-08T07:48:18.834Z"}
{"level":"info","message":"Using AI model for signal generation...","timestamp":"2024-12-08T07:48:18.834Z"}
{"level":"info","message":"Generating signals using AI model...","timestamp":"2024-12-08T07:48:18.834Z"}
{"level":"info","message":"Using mock AI model for predictions...","timestamp":"2024-12-08T07:48:18.834Z"}
{"level":"info","message":"Mock signal for ethereum: Buy (Confidence: 0.86)","timestamp":"2024-12-08T07:48:18.834Z"}
{"level":"info","message":"Mock signal for zksync: Hold (Confidence: 0.43)","timestamp":"2024-12-08T07:48:18.834Z"}
{"level":"info","message":"Mock signal for GMX-Arbitrum: Buy (Confidence: 1.00)","timestamp":"2024-12-08T07:48:18.835Z"}
{"level":"info","message":"Mock signal for GMX-Avalanche: Buy (Confidence: 0.90)","timestamp":"2024-12-08T07:48:18.835Z"}
{"level":"info","message":"AI signals generated successfully:","timestamp":"2024-12-08T07:48:18.835Z"}
{"level":"info","message":"Executing trade for ethereum: Signal - Buy, Confidence - 0.86, Price - 3703.76","timestamp":"2024-12-08T07:48:18.835Z"}
{"level":"info","message":"Preparing to execute Buy trade for ethereum at price 3703.76...","timestamp":"2024-12-08T07:48:18.836Z"}
{"level":"error","message":"Trade execution failed for ethereum: getDexContract is not a function","timestamp":"2024-12-08T07:48:18.836Z"}
{"level":"error","message":"Trade failed for ethereum: getDexContract is not a function","timestamp":"2024-12-08T07:48:18.836Z"}
{"level":"warn","message":"Skipping trade for zksync: Low confidence (0.43).","timestamp":"2024-12-08T07:48:18.836Z"}
{"level":"info","message":"Executing trade for GMX-Arbitrum: Signal - Buy, Confidence - 1.00, Price - undefined","timestamp":"2024-12-08T07:48:18.836Z"}
{"level":"info","message":"Preparing to execute Buy trade for GMX-Arbitrum at price undefined...","timestamp":"2024-12-08T07:48:18.837Z"}
{"level":"error","message":"Trade execution failed for GMX-Arbitrum: getDexContract is not a function","timestamp":"2024-12-08T07:48:18.837Z"}
{"level":"error","message":"Trade failed for GMX-Arbitrum: getDexContract is not a function","timestamp":"2024-12-08T07:48:18.837Z"}
{"level":"info","message":"Executing trade for GMX-Avalanche: Signal - Buy, Confidence - 0.90, Price - undefined","timestamp":"2024-12-08T07:48:18.837Z"}
{"level":"info","message":"Preparing to execute Buy trade for GMX-Avalanche at price undefined...","timestamp":"2024-12-08T07:48:18.837Z"}
{"level":"error","message":"Trade execution failed for GMX-Avalanche: getDexContract is not a function","timestamp":"2024-12-08T07:48:18.837Z"}
{"level":"error","message":"Trade failed for GMX-Avalanche: getDexContract is not a function","timestamp":"2024-12-08T07:48:18.838Z"}
{"level":"info","message":"Live trading session completed successfully.","timestamp":"2024-12-08T07:48:18.838Z"}
{"level":"info","message":"--- Starting Data Pipeline ---","timestamp":"2024-12-08T07:53:38.830Z"}
{"level":"info","message":"Fetching token prices from CoinGecko...","timestamp":"2024-12-08T07:53:38.835Z"}
{"level":"info","message":"Fetching token prices from CoinGecko...","timestamp":"2024-12-08T07:53:38.837Z"}
{"level":"info","message":"Token prices fetched successfully:","timestamp":"2024-12-08T07:53:39.088Z"}
{"level":"info","message":"Fetched CoinGecko data successfully.","timestamp":"2024-12-08T07:53:39.089Z"}
{"level":"info","message":"Fetching GMX token prices...","timestamp":"2024-12-08T07:53:39.090Z"}
{"level":"info","message":"Fetching GMX token prices from arbitrum...","timestamp":"2024-12-08T07:53:39.091Z"}
{"level":"info","message":"Token prices fetched successfully:","timestamp":"2024-12-08T07:53:39.652Z"}
{"level":"info","message":"Fetching GMX token prices from avalanche...","timestamp":"2024-12-08T07:53:39.653Z"}
{"level":"info","message":"Token prices fetched successfully:","timestamp":"2024-12-08T07:53:40.573Z"}
{"level":"info","message":"Fetched GMX token prices successfully.","timestamp":"2024-12-08T07:53:40.573Z"}
{"level":"info","message":"Fetching Uniswap data...","timestamp":"2024-12-08T07:53:40.575Z"}
{"level":"error","message":"Error in data pipeline: fetchUniswapData is not a function","timestamp":"2024-12-08T07:53:40.576Z"}
{"level":"info","message":"Generating trading signals...","timestamp":"2024-12-08T07:53:40.579Z"}
{"level":"info","message":"Using AI model for signal generation...","timestamp":"2024-12-08T07:53:40.580Z"}
{"level":"info","message":"Generating signals using AI model...","timestamp":"2024-12-08T07:53:40.580Z"}
{"level":"info","message":"Using mock AI model for predictions...","timestamp":"2024-12-08T07:53:40.581Z"}
{"level":"info","message":"Mock signal for ethereum: Hold (Confidence: 0.43)","timestamp":"2024-12-08T07:53:40.582Z"}
{"level":"info","message":"Mock signal for zksync: Buy (Confidence: 0.89)","timestamp":"2024-12-08T07:53:40.582Z"}
{"level":"info","message":"Mock signal for GMX-Arbitrum: Buy (Confidence: 0.80)","timestamp":"2024-12-08T07:53:40.583Z"}
{"level":"info","message":"Mock signal for GMX-Avalanche: Hold (Confidence: 0.64)","timestamp":"2024-12-08T07:53:40.584Z"}
{"level":"info","message":"AI signals generated successfully:","timestamp":"2024-12-08T07:53:40.585Z"}
{"level":"info","message":"--- Starting Live Trading ---","timestamp":"2024-12-08T07:53:40.590Z"}
{"level":"info","message":"Generating trading signals...","timestamp":"2024-12-08T07:53:40.590Z"}
{"level":"info","message":"Using AI model for signal generation...","timestamp":"2024-12-08T07:53:40.590Z"}
{"level":"info","message":"Generating signals using AI model...","timestamp":"2024-12-08T07:53:40.591Z"}
{"level":"info","message":"Using mock AI model for predictions...","timestamp":"2024-12-08T07:53:40.591Z"}
{"level":"info","message":"Mock signal for ethereum: Hold (Confidence: 0.58)","timestamp":"2024-12-08T07:53:40.591Z"}
{"level":"info","message":"Mock signal for zksync: Hold (Confidence: 0.60)","timestamp":"2024-12-08T07:53:40.591Z"}
{"level":"info","message":"Mock signal for GMX-Arbitrum: Hold (Confidence: 0.41)","timestamp":"2024-12-08T07:53:40.591Z"}
{"level":"info","message":"Mock signal for GMX-Avalanche: Sell (Confidence: 0.26)","timestamp":"2024-12-08T07:53:40.591Z"}
{"level":"info","message":"AI signals generated successfully:","timestamp":"2024-12-08T07:53:40.591Z"}
{"level":"warn","message":"Skipping trade for ethereum: Low confidence (0.58).","timestamp":"2024-12-08T07:53:40.592Z"}
{"level":"warn","message":"Skipping trade for zksync: Low confidence (0.60).","timestamp":"2024-12-08T07:53:40.592Z"}
{"level":"warn","message":"Skipping trade for GMX-Arbitrum: Low confidence (0.41).","timestamp":"2024-12-08T07:53:40.592Z"}
{"level":"warn","message":"Skipping trade for GMX-Avalanche: Low confidence (0.26).","timestamp":"2024-12-08T07:53:40.592Z"}
{"level":"info","message":"Live trading session completed successfully.","timestamp":"2024-12-08T07:53:40.592Z"}
{"level":"info","message":"--- Starting Data Pipeline ---","timestamp":"2024-12-08T08:04:26.767Z"}
{"level":"info","message":"Fetching token prices from CoinGecko...","timestamp":"2024-12-08T08:04:26.773Z"}
{"level":"info","message":"Fetching token prices from CoinGecko...","timestamp":"2024-12-08T08:04:26.774Z"}
{"level":"info","message":"Token prices fetched successfully:","timestamp":"2024-12-08T08:04:27.049Z"}
{"level":"info","message":"Fetched CoinGecko data successfully.","timestamp":"2024-12-08T08:04:27.051Z"}
{"level":"info","message":"Fetching GMX token prices...","timestamp":"2024-12-08T08:04:27.052Z"}
{"level":"info","message":"Fetching GMX token prices from arbitrum...","timestamp":"2024-12-08T08:04:27.053Z"}
{"level":"info","message":"Token prices fetched successfully:","timestamp":"2024-12-08T08:04:27.660Z"}
{"level":"info","message":"Fetching GMX token prices from avalanche...","timestamp":"2024-12-08T08:04:27.661Z"}
{"level":"info","message":"Token prices fetched successfully:","timestamp":"2024-12-08T08:04:28.275Z"}
{"level":"info","message":"Fetched GMX token prices successfully.","timestamp":"2024-12-08T08:04:28.276Z"}
{"level":"info","message":"Fetching Uniswap data...","timestamp":"2024-12-08T08:04:28.276Z"}
{"level":"info","message":"Starting trend analysis...","timestamp":"2024-12-08T08:04:28.896Z"}
{"level":"warn","message":"No CoinGecko data provided.","timestamp":"2024-12-08T08:04:28.897Z"}
{"level":"warn","message":"No GMX Arbitrum data provided.","timestamp":"2024-12-08T08:04:28.897Z"}
{"level":"warn","message":"No GMX Avalanche data provided.","timestamp":"2024-12-08T08:04:28.897Z"}
{"level":"info","message":"Trends saved to /home/techbu/OFA_Project_Local/ofa-project/logs/trends-log.json","timestamp":"2024-12-08T08:04:28.898Z"}
{"level":"info","message":"Trends summary: 0 trend(s) processed.","timestamp":"2024-12-08T08:04:28.899Z"}
{"level":"info","message":"Trend analysis completed.","timestamp":"2024-12-08T08:04:28.899Z"}
{"level":"info","message":"Fetched Uniswap data successfully.","timestamp":"2024-12-08T08:04:29.105Z"}
{"level":"info","message":"Combined Data for Trend Analysis:","timestamp":"2024-12-08T08:04:29.107Z"}
{"level":"info","message":"Starting trend analysis...","timestamp":"2024-12-08T08:04:29.107Z"}
{"level":"info","message":"Trends saved to /home/techbu/OFA_Project_Local/ofa-project/logs/trends-log.json","timestamp":"2024-12-08T08:04:29.112Z"}
{"level":"info","message":"Trends summary: 70 trend(s) processed.","timestamp":"2024-12-08T08:04:29.113Z"}
{"level":"info","message":"Trend analysis completed.","timestamp":"2024-12-08T08:04:29.113Z"}
{"level":"info","message":"Trends analysis result:","timestamp":"2024-12-08T08:04:29.116Z"}
{"level":"info","message":"Generating trading signals...","timestamp":"2024-12-08T08:04:29.120Z"}
{"level":"info","message":"Using AI model for signal generation...","timestamp":"2024-12-08T08:04:29.121Z"}
{"level":"info","message":"Generating signals using AI model...","timestamp":"2024-12-08T08:04:29.122Z"}
{"level":"info","message":"Using mock AI model for predictions...","timestamp":"2024-12-08T08:04:29.123Z"}
{"level":"info","message":"Mock signal for ethereum: Hold (Confidence: 0.59)","timestamp":"2024-12-08T08:04:29.123Z"}
{"level":"info","message":"Mock signal for zksync: Sell (Confidence: 0.23)","timestamp":"2024-12-08T08:04:29.124Z"}
{"level":"info","message":"Mock signal for GMX-Arbitrum-0: Buy (Confidence: 0.76)","timestamp":"2024-12-08T08:04:29.124Z"}
{"level":"info","message":"Mock signal for GMX-Arbitrum-1: Hold (Confidence: 0.54)","timestamp":"2024-12-08T08:04:29.125Z"}
{"level":"info","message":"Mock signal for GMX-Arbitrum-2: Sell (Confidence: 0.16)","timestamp":"2024-12-08T08:04:29.125Z"}
{"level":"info","message":"Mock signal for GMX-Arbitrum-3: Hold (Confidence: 0.49)","timestamp":"2024-12-08T08:04:29.126Z"}
{"level":"info","message":"Mock signal for GMX-Arbitrum-4: Hold (Confidence: 0.35)","timestamp":"2024-12-08T08:04:29.126Z"}
{"level":"info","message":"Mock signal for GMX-Arbitrum-5: Sell (Confidence: 0.26)","timestamp":"2024-12-08T08:04:29.127Z"}
{"level":"info","message":"Mock signal for GMX-Arbitrum-6: Hold (Confidence: 0.67)","timestamp":"2024-12-08T08:04:29.127Z"}
{"level":"info","message":"Mock signal for GMX-Arbitrum-7: Buy (Confidence: 0.94)","timestamp":"2024-12-08T08:04:29.128Z"}
{"level":"info","message":"Mock signal for GMX-Arbitrum-8: Sell (Confidence: 0.24)","timestamp":"2024-12-08T08:04:29.128Z"}
{"level":"info","message":"Mock signal for GMX-Arbitrum-9: Hold (Confidence: 0.34)","timestamp":"2024-12-08T08:04:29.128Z"}
{"level":"info","message":"Mock signal for GMX-Arbitrum-10: Buy (Confidence: 0.79)","timestamp":"2024-12-08T08:04:29.129Z"}
{"level":"info","message":"Mock signal for GMX-Arbitrum-11: Sell (Confidence: 0.22)","timestamp":"2024-12-08T08:04:29.129Z"}
{"level":"info","message":"Mock signal for GMX-Arbitrum-12: Buy (Confidence: 0.80)","timestamp":"2024-12-08T08:04:29.130Z"}
{"level":"info","message":"Mock signal for GMX-Arbitrum-13: Sell (Confidence: 0.28)","timestamp":"2024-12-08T08:04:29.131Z"}
{"level":"info","message":"Mock signal for GMX-Arbitrum-14: Buy (Confidence: 0.75)","timestamp":"2024-12-08T08:04:29.131Z"}
{"level":"info","message":"Mock signal for GMX-Arbitrum-15: Buy (Confidence: 0.97)","timestamp":"2024-12-08T08:04:29.131Z"}
{"level":"info","message":"Mock signal for GMX-Arbitrum-16: Hold (Confidence: 0.41)","timestamp":"2024-12-08T08:04:29.131Z"}
{"level":"info","message":"Mock signal for GMX-Arbitrum-17: Sell (Confidence: 0.01)","timestamp":"2024-12-08T08:04:29.132Z"}
{"level":"info","message":"Mock signal for GMX-Arbitrum-18: Buy (Confidence: 0.74)","timestamp":"2024-12-08T08:04:29.132Z"}
{"level":"info","message":"Mock signal for GMX-Arbitrum-19: Sell (Confidence: 0.07)","timestamp":"2024-12-08T08:04:29.132Z"}
{"level":"info","message":"Mock signal for GMX-Arbitrum-20: Sell (Confidence: 0.18)","timestamp":"2024-12-08T08:04:29.132Z"}
{"level":"info","message":"Mock signal for GMX-Arbitrum-21: Hold (Confidence: 0.53)","timestamp":"2024-12-08T08:04:29.132Z"}
{"level":"info","message":"Mock signal for GMX-Arbitrum-22: Sell (Confidence: 0.01)","timestamp":"2024-12-08T08:04:29.132Z"}
{"level":"info","message":"Mock signal for GMX-Arbitrum-23: Sell (Confidence: 0.29)","timestamp":"2024-12-08T08:04:29.133Z"}
{"level":"info","message":"Mock signal for GMX-Arbitrum-24: Sell (Confidence: 0.27)","timestamp":"2024-12-08T08:04:29.133Z"}
{"level":"info","message":"Mock signal for GMX-Arbitrum-25: Sell (Confidence: 0.04)","timestamp":"2024-12-08T08:04:29.133Z"}
{"level":"info","message":"Mock signal for GMX-Arbitrum-26: Hold (Confidence: 0.37)","timestamp":"2024-12-08T08:04:29.133Z"}
{"level":"info","message":"Mock signal for GMX-Arbitrum-27: Hold (Confidence: 0.66)","timestamp":"2024-12-08T08:04:29.133Z"}
{"level":"info","message":"Mock signal for GMX-Arbitrum-28: Sell (Confidence: 0.06)","timestamp":"2024-12-08T08:04:29.134Z"}
{"level":"info","message":"Mock signal for GMX-Arbitrum-29: Buy (Confidence: 0.88)","timestamp":"2024-12-08T08:04:29.134Z"}
{"level":"info","message":"Mock signal for GMX-Arbitrum-30: Hold (Confidence: 0.30)","timestamp":"2024-12-08T08:04:29.134Z"}
{"level":"info","message":"Mock signal for GMX-Arbitrum-31: Buy (Confidence: 0.72)","timestamp":"2024-12-08T08:04:29.134Z"}
{"level":"info","message":"Mock signal for GMX-Arbitrum-32: Hold (Confidence: 0.61)","timestamp":"2024-12-08T08:04:29.134Z"}
{"level":"info","message":"Mock signal for GMX-Arbitrum-33: Buy (Confidence: 0.71)","timestamp":"2024-12-08T08:04:29.134Z"}
{"level":"info","message":"Mock signal for GMX-Arbitrum-34: Hold (Confidence: 0.40)","timestamp":"2024-12-08T08:04:29.135Z"}
{"level":"info","message":"Mock signal for GMX-Arbitrum-35: Sell (Confidence: 0.04)","timestamp":"2024-12-08T08:04:29.135Z"}
{"level":"info","message":"Mock signal for GMX-Arbitrum-36: Buy (Confidence: 0.97)","timestamp":"2024-12-08T08:04:29.135Z"}
{"level":"info","message":"Mock signal for GMX-Arbitrum-37: Sell (Confidence: 0.11)","timestamp":"2024-12-08T08:04:29.135Z"}
{"level":"info","message":"Mock signal for GMX-Arbitrum-38: Hold (Confidence: 0.62)","timestamp":"2024-12-08T08:04:29.135Z"}
{"level":"info","message":"Mock signal for GMX-Arbitrum-39: Hold (Confidence: 0.55)","timestamp":"2024-12-08T08:04:29.135Z"}
{"level":"info","message":"Mock signal for GMX-Arbitrum-40: Hold (Confidence: 0.63)","timestamp":"2024-12-08T08:04:29.136Z"}
{"level":"info","message":"Mock signal for GMX-Arbitrum-41: Hold (Confidence: 0.40)","timestamp":"2024-12-08T08:04:29.136Z"}
{"level":"info","message":"Mock signal for GMX-Arbitrum-42: Hold (Confidence: 0.60)","timestamp":"2024-12-08T08:04:29.136Z"}
{"level":"info","message":"Mock signal for GMX-Arbitrum-43: Sell (Confidence: 0.23)","timestamp":"2024-12-08T08:04:29.136Z"}
{"level":"info","message":"Mock signal for GMX-Arbitrum-44: Hold (Confidence: 0.43)","timestamp":"2024-12-08T08:04:29.136Z"}
{"level":"info","message":"Mock signal for GMX-Arbitrum-45: Hold (Confidence: 0.33)","timestamp":"2024-12-08T08:04:29.136Z"}
{"level":"info","message":"Mock signal for GMX-Arbitrum-46: Sell (Confidence: 0.18)","timestamp":"2024-12-08T08:04:29.136Z"}
{"level":"info","message":"Mock signal for GMX-Arbitrum-47: Buy (Confidence: 0.79)","timestamp":"2024-12-08T08:04:29.136Z"}
{"level":"info","message":"Mock signal for GMX-Arbitrum-48: Hold (Confidence: 0.68)","timestamp":"2024-12-08T08:04:29.137Z"}
{"level":"info","message":"Mock signal for GMX-Arbitrum-49: Buy (Confidence: 0.99)","timestamp":"2024-12-08T08:04:29.137Z"}
{"level":"info","message":"Mock signal for GMX-Arbitrum-50: Hold (Confidence: 0.57)","timestamp":"2024-12-08T08:04:29.137Z"}
{"level":"info","message":"Mock signal for GMX-Arbitrum-51: Buy (Confidence: 0.92)","timestamp":"2024-12-08T08:04:29.137Z"}
{"level":"info","message":"Mock signal for GMX-Arbitrum-52: Buy (Confidence: 0.94)","timestamp":"2024-12-08T08:04:29.137Z"}
{"level":"info","message":"Mock signal for GMX-Arbitrum-53: Hold (Confidence: 0.35)","timestamp":"2024-12-08T08:04:29.137Z"}
{"level":"info","message":"Mock signal for GMX-Avalanche-0: Sell (Confidence: 0.00)","timestamp":"2024-12-08T08:04:29.137Z"}
{"level":"info","message":"Mock signal for GMX-Avalanche-1: Buy (Confidence: 0.87)","timestamp":"2024-12-08T08:04:29.138Z"}
{"level":"info","message":"Mock signal for GMX-Avalanche-2: Buy (Confidence: 0.81)","timestamp":"2024-12-08T08:04:29.138Z"}
{"level":"info","message":"Mock signal for GMX-Avalanche-3: Sell (Confidence: 0.09)","timestamp":"2024-12-08T08:04:29.138Z"}
{"level":"info","message":"Mock signal for GMX-Avalanche-4: Hold (Confidence: 0.47)","timestamp":"2024-12-08T08:04:29.138Z"}
{"level":"info","message":"Mock signal for GMX-Avalanche-5: Buy (Confidence: 0.98)","timestamp":"2024-12-08T08:04:29.138Z"}
{"level":"info","message":"Mock signal for GMX-Avalanche-6: Hold (Confidence: 0.69)","timestamp":"2024-12-08T08:04:29.138Z"}
{"level":"info","message":"Mock signal for GMX-Avalanche-7: Hold (Confidence: 0.38)","timestamp":"2024-12-08T08:04:29.138Z"}
{"level":"info","message":"Mock signal for GMX-Avalanche-8: Hold (Confidence: 0.48)","timestamp":"2024-12-08T08:04:29.138Z"}
{"level":"info","message":"Mock signal for GMX-Avalanche-9: Hold (Confidence: 0.50)","timestamp":"2024-12-08T08:04:29.139Z"}
{"level":"info","message":"Mock signal for GMX-Avalanche-10: Hold (Confidence: 0.66)","timestamp":"2024-12-08T08:04:29.139Z"}
{"level":"info","message":"Mock signal for GMX-Avalanche-11: Hold (Confidence: 0.48)","timestamp":"2024-12-08T08:04:29.139Z"}
{"level":"info","message":"Mock signal for GMX-Avalanche-12: Hold (Confidence: 0.61)","timestamp":"2024-12-08T08:04:29.139Z"}
{"level":"info","message":"Mock signal for GMX-Avalanche-13: Buy (Confidence: 0.96)","timestamp":"2024-12-08T08:04:29.139Z"}
{"level":"info","message":"AI signals generated successfully:","timestamp":"2024-12-08T08:04:29.139Z"}
{"level":"info","message":"--- Starting Live Trading ---","timestamp":"2024-12-08T08:04:29.148Z"}
{"level":"info","message":"Generating trading signals...","timestamp":"2024-12-08T08:04:29.148Z"}
{"level":"info","message":"Using AI model for signal generation...","timestamp":"2024-12-08T08:04:29.148Z"}
{"level":"info","message":"Generating signals using AI model...","timestamp":"2024-12-08T08:04:29.149Z"}
{"level":"info","message":"Using mock AI model for predictions...","timestamp":"2024-12-08T08:04:29.149Z"}
{"level":"info","message":"Mock signal for ethereum: Hold (Confidence: 0.46)","timestamp":"2024-12-08T08:04:29.149Z"}
{"level":"info","message":"Mock signal for zksync: Hold (Confidence: 0.50)","timestamp":"2024-12-08T08:04:29.149Z"}
{"level":"info","message":"Mock signal for GMX-Arbitrum-0: Hold (Confidence: 0.42)","timestamp":"2024-12-08T08:04:29.149Z"}
{"level":"info","message":"Mock signal for GMX-Arbitrum-1: Sell (Confidence: 0.08)","timestamp":"2024-12-08T08:04:29.149Z"}
{"level":"info","message":"Mock signal for GMX-Arbitrum-2: Sell (Confidence: 0.28)","timestamp":"2024-12-08T08:04:29.149Z"}
{"level":"info","message":"Mock signal for GMX-Arbitrum-3: Hold (Confidence: 0.61)","timestamp":"2024-12-08T08:04:29.149Z"}
{"level":"info","message":"Mock signal for GMX-Arbitrum-4: Sell (Confidence: 0.29)","timestamp":"2024-12-08T08:04:29.149Z"}
{"level":"info","message":"Mock signal for GMX-Arbitrum-5: Hold (Confidence: 0.66)","timestamp":"2024-12-08T08:04:29.149Z"}
{"level":"info","message":"Mock signal for GMX-Arbitrum-6: Sell (Confidence: 0.06)","timestamp":"2024-12-08T08:04:29.150Z"}
{"level":"info","message":"Mock signal for GMX-Arbitrum-7: Buy (Confidence: 0.78)","timestamp":"2024-12-08T08:04:29.150Z"}
{"level":"info","message":"Mock signal for GMX-Arbitrum-8: Hold (Confidence: 0.45)","timestamp":"2024-12-08T08:04:29.150Z"}
{"level":"info","message":"Mock signal for GMX-Arbitrum-9: Sell (Confidence: 0.05)","timestamp":"2024-12-08T08:04:29.150Z"}
{"level":"info","message":"Mock signal for GMX-Arbitrum-10: Hold (Confidence: 0.64)","timestamp":"2024-12-08T08:04:29.150Z"}
{"level":"info","message":"Mock signal for GMX-Arbitrum-11: Buy (Confidence: 1.00)","timestamp":"2024-12-08T08:04:29.150Z"}
{"level":"info","message":"Mock signal for GMX-Arbitrum-12: Hold (Confidence: 0.62)","timestamp":"2024-12-08T08:04:29.150Z"}
{"level":"info","message":"Mock signal for GMX-Arbitrum-13: Buy (Confidence: 0.95)","timestamp":"2024-12-08T08:04:29.150Z"}
{"level":"info","message":"Mock signal for GMX-Arbitrum-14: Hold (Confidence: 0.57)","timestamp":"2024-12-08T08:04:29.150Z"}
{"level":"info","message":"Mock signal for GMX-Arbitrum-15: Hold (Confidence: 0.36)","timestamp":"2024-12-08T08:04:29.150Z"}
{"level":"info","message":"Mock signal for GMX-Arbitrum-16: Hold (Confidence: 0.55)","timestamp":"2024-12-08T08:04:29.150Z"}
{"level":"info","message":"Mock signal for GMX-Arbitrum-17: Hold (Confidence: 0.33)","timestamp":"2024-12-08T08:04:29.150Z"}
{"level":"info","message":"Mock signal for GMX-Arbitrum-18: Buy (Confidence: 0.88)","timestamp":"2024-12-08T08:04:29.151Z"}
{"level":"info","message":"Mock signal for GMX-Arbitrum-19: Sell (Confidence: 0.28)","timestamp":"2024-12-08T08:04:29.151Z"}
{"level":"info","message":"Mock signal for GMX-Arbitrum-20: Buy (Confidence: 0.73)","timestamp":"2024-12-08T08:04:29.151Z"}
{"level":"info","message":"Mock signal for GMX-Arbitrum-21: Buy (Confidence: 0.90)","timestamp":"2024-12-08T08:04:29.151Z"}
{"level":"info","message":"Mock signal for GMX-Arbitrum-22: Sell (Confidence: 0.30)","timestamp":"2024-12-08T08:04:29.151Z"}
{"level":"info","message":"Mock signal for GMX-Arbitrum-23: Hold (Confidence: 0.31)","timestamp":"2024-12-08T08:04:29.151Z"}
{"level":"info","message":"Mock signal for GMX-Arbitrum-24: Hold (Confidence: 0.65)","timestamp":"2024-12-08T08:04:29.151Z"}
{"level":"info","message":"Mock signal for GMX-Arbitrum-25: Hold (Confidence: 0.33)","timestamp":"2024-12-08T08:04:29.151Z"}
{"level":"info","message":"Mock signal for GMX-Arbitrum-26: Buy (Confidence: 0.97)","timestamp":"2024-12-08T08:04:29.151Z"}
{"level":"info","message":"Mock signal for GMX-Arbitrum-27: Sell (Confidence: 0.07)","timestamp":"2024-12-08T08:04:29.151Z"}
{"level":"info","message":"Mock signal for GMX-Arbitrum-28: Hold (Confidence: 0.50)","timestamp":"2024-12-08T08:04:29.151Z"}
{"level":"info","message":"Mock signal for GMX-Arbitrum-29: Buy (Confidence: 0.98)","timestamp":"2024-12-08T08:04:29.152Z"}
{"level":"info","message":"Mock signal for GMX-Arbitrum-30: Buy (Confidence: 0.81)","timestamp":"2024-12-08T08:04:29.152Z"}
{"level":"info","message":"Mock signal for GMX-Arbitrum-31: Sell (Confidence: 0.19)","timestamp":"2024-12-08T08:04:29.152Z"}
{"level":"info","message":"Mock signal for GMX-Arbitrum-32: Hold (Confidence: 0.54)","timestamp":"2024-12-08T08:04:29.152Z"}
{"level":"info","message":"Mock signal for GMX-Arbitrum-33: Hold (Confidence: 0.33)","timestamp":"2024-12-08T08:04:29.152Z"}
{"level":"info","message":"Mock signal for GMX-Arbitrum-34: Hold (Confidence: 0.39)","timestamp":"2024-12-08T08:04:29.152Z"}
{"level":"info","message":"Mock signal for GMX-Arbitrum-35: Hold (Confidence: 0.42)","timestamp":"2024-12-08T08:04:29.152Z"}
{"level":"info","message":"Mock signal for GMX-Arbitrum-36: Sell (Confidence: 0.24)","timestamp":"2024-12-08T08:04:29.152Z"}
{"level":"info","message":"Mock signal for GMX-Arbitrum-37: Buy (Confidence: 0.80)","timestamp":"2024-12-08T08:04:29.152Z"}
{"level":"info","message":"Mock signal for GMX-Arbitrum-38: Buy (Confidence: 0.76)","timestamp":"2024-12-08T08:04:29.152Z"}
{"level":"info","message":"Mock signal for GMX-Arbitrum-39: Hold (Confidence: 0.70)","timestamp":"2024-12-08T08:04:29.153Z"}
{"level":"info","message":"Mock signal for GMX-Arbitrum-40: Hold (Confidence: 0.39)","timestamp":"2024-12-08T08:04:29.153Z"}
{"level":"info","message":"Mock signal for GMX-Arbitrum-41: Hold (Confidence: 0.50)","timestamp":"2024-12-08T08:04:29.153Z"}
{"level":"info","message":"Mock signal for GMX-Arbitrum-42: Sell (Confidence: 0.24)","timestamp":"2024-12-08T08:04:29.153Z"}
{"level":"info","message":"Mock signal for GMX-Arbitrum-43: Hold (Confidence: 0.62)","timestamp":"2024-12-08T08:04:29.153Z"}
{"level":"info","message":"Mock signal for GMX-Arbitrum-44: Buy (Confidence: 0.82)","timestamp":"2024-12-08T08:04:29.153Z"}
{"level":"info","message":"Mock signal for GMX-Arbitrum-45: Hold (Confidence: 0.52)","timestamp":"2024-12-08T08:04:29.153Z"}
{"level":"info","message":"Mock signal for GMX-Arbitrum-46: Buy (Confidence: 0.70)","timestamp":"2024-12-08T08:04:29.153Z"}
{"level":"info","message":"Mock signal for GMX-Arbitrum-47: Buy (Confidence: 0.92)","timestamp":"2024-12-08T08:04:29.154Z"}
{"level":"info","message":"Mock signal for GMX-Arbitrum-48: Buy (Confidence: 0.75)","timestamp":"2024-12-08T08:04:29.154Z"}
{"level":"info","message":"Mock signal for GMX-Arbitrum-49: Sell (Confidence: 0.05)","timestamp":"2024-12-08T08:04:29.154Z"}
{"level":"info","message":"Mock signal for GMX-Arbitrum-50: Hold (Confidence: 0.61)","timestamp":"2024-12-08T08:04:29.154Z"}
{"level":"info","message":"Mock signal for GMX-Arbitrum-51: Sell (Confidence: 0.02)","timestamp":"2024-12-08T08:04:29.154Z"}
{"level":"info","message":"Mock signal for GMX-Arbitrum-52: Buy (Confidence: 0.75)","timestamp":"2024-12-08T08:04:29.154Z"}
{"level":"info","message":"Mock signal for GMX-Arbitrum-53: Hold (Confidence: 0.57)","timestamp":"2024-12-08T08:04:29.154Z"}
{"level":"info","message":"Mock signal for GMX-Avalanche-0: Buy (Confidence: 0.89)","timestamp":"2024-12-08T08:04:29.154Z"}
{"level":"info","message":"Mock signal for GMX-Avalanche-1: Sell (Confidence: 0.26)","timestamp":"2024-12-08T08:04:29.154Z"}
{"level":"info","message":"Mock signal for GMX-Avalanche-2: Hold (Confidence: 0.64)","timestamp":"2024-12-08T08:04:29.155Z"}
{"level":"info","message":"Mock signal for GMX-Avalanche-3: Buy (Confidence: 0.70)","timestamp":"2024-12-08T08:04:29.155Z"}
{"level":"info","message":"Mock signal for GMX-Avalanche-4: Buy (Confidence: 0.73)","timestamp":"2024-12-08T08:04:29.155Z"}
{"level":"info","message":"Mock signal for GMX-Avalanche-5: Buy (Confidence: 0.81)","timestamp":"2024-12-08T08:04:29.155Z"}
{"level":"info","message":"Mock signal for GMX-Avalanche-6: Hold (Confidence: 0.42)","timestamp":"2024-12-08T08:04:29.155Z"}
{"level":"info","message":"Mock signal for GMX-Avalanche-7: Sell (Confidence: 0.27)","timestamp":"2024-12-08T08:04:29.155Z"}
{"level":"info","message":"Mock signal for GMX-Avalanche-8: Buy (Confidence: 0.71)","timestamp":"2024-12-08T08:04:29.156Z"}
{"level":"info","message":"Mock signal for GMX-Avalanche-9: Buy (Confidence: 0.95)","timestamp":"2024-12-08T08:04:29.156Z"}
{"level":"info","message":"Mock signal for GMX-Avalanche-10: Hold (Confidence: 0.47)","timestamp":"2024-12-08T08:04:29.156Z"}
{"level":"info","message":"Mock signal for GMX-Avalanche-11: Buy (Confidence: 0.70)","timestamp":"2024-12-08T08:04:29.156Z"}
{"level":"info","message":"Mock signal for GMX-Avalanche-12: Hold (Confidence: 0.47)","timestamp":"2024-12-08T08:04:29.156Z"}
{"level":"info","message":"Mock signal for GMX-Avalanche-13: Buy (Confidence: 0.79)","timestamp":"2024-12-08T08:04:29.156Z"}
{"level":"info","message":"AI signals generated successfully:","timestamp":"2024-12-08T08:04:29.157Z"}
{"level":"warn","message":"Skipping trade for ethereum: Low confidence (0.46). Required: >= 0.7","timestamp":"2024-12-08T08:04:29.157Z"}
{"level":"warn","message":"Skipping trade for zksync: Low confidence (0.50). Required: >= 0.7","timestamp":"2024-12-08T08:04:29.157Z"}
{"level":"warn","message":"Skipping trade for GMX-Arbitrum-0: Low confidence (0.42). Required: >= 0.7","timestamp":"2024-12-08T08:04:29.157Z"}
{"level":"warn","message":"Skipping trade for GMX-Arbitrum-1: Low confidence (0.08). Required: >= 0.7","timestamp":"2024-12-08T08:04:29.157Z"}
{"level":"warn","message":"Skipping trade for GMX-Arbitrum-2: Low confidence (0.28). Required: >= 0.7","timestamp":"2024-12-08T08:04:29.157Z"}
{"level":"warn","message":"Skipping trade for GMX-Arbitrum-3: Low confidence (0.61). Required: >= 0.7","timestamp":"2024-12-08T08:04:29.157Z"}
{"level":"warn","message":"Skipping trade for GMX-Arbitrum-4: Low confidence (0.29). Required: >= 0.7","timestamp":"2024-12-08T08:04:29.157Z"}
{"level":"warn","message":"Skipping trade for GMX-Arbitrum-5: Low confidence (0.66). Required: >= 0.7","timestamp":"2024-12-08T08:04:29.158Z"}
{"level":"warn","message":"Skipping trade for GMX-Arbitrum-6: Low confidence (0.06). Required: >= 0.7","timestamp":"2024-12-08T08:04:29.158Z"}
{"level":"warn","message":"Skipping trade for GMX-Arbitrum-7: Price data is unavailable or invalid (price: 0).","timestamp":"2024-12-08T08:04:29.158Z"}
{"level":"warn","message":"Skipping trade for GMX-Arbitrum-8: Low confidence (0.45). Required: >= 0.7","timestamp":"2024-12-08T08:04:29.158Z"}
{"level":"warn","message":"Skipping trade for GMX-Arbitrum-9: Low confidence (0.05). Required: >= 0.7","timestamp":"2024-12-08T08:04:29.158Z"}
{"level":"warn","message":"Skipping trade for GMX-Arbitrum-10: Low confidence (0.64). Required: >= 0.7","timestamp":"2024-12-08T08:04:29.158Z"}
{"level":"warn","message":"Skipping trade for GMX-Arbitrum-11: Price data is unavailable or invalid (price: 0).","timestamp":"2024-12-08T08:04:29.158Z"}
{"level":"warn","message":"Skipping trade for GMX-Arbitrum-12: Low confidence (0.62). Required: >= 0.7","timestamp":"2024-12-08T08:04:29.158Z"}
{"level":"warn","message":"Skipping trade for GMX-Arbitrum-13: Price data is unavailable or invalid (price: 0).","timestamp":"2024-12-08T08:04:29.158Z"}
{"level":"warn","message":"Skipping trade for GMX-Arbitrum-14: Low confidence (0.57). Required: >= 0.7","timestamp":"2024-12-08T08:04:29.158Z"}
{"level":"warn","message":"Skipping trade for GMX-Arbitrum-15: Low confidence (0.36). Required: >= 0.7","timestamp":"2024-12-08T08:04:29.159Z"}
{"level":"warn","message":"Skipping trade for GMX-Arbitrum-16: Low confidence (0.55). Required: >= 0.7","timestamp":"2024-12-08T08:04:29.159Z"}
{"level":"warn","message":"Skipping trade for GMX-Arbitrum-17: Low confidence (0.33). Required: >= 0.7","timestamp":"2024-12-08T08:04:29.159Z"}
{"level":"warn","message":"Skipping trade for GMX-Arbitrum-18: Price data is unavailable or invalid (price: 0).","timestamp":"2024-12-08T08:04:29.159Z"}
{"level":"warn","message":"Skipping trade for GMX-Arbitrum-19: Low confidence (0.28). Required: >= 0.7","timestamp":"2024-12-08T08:04:29.159Z"}
{"level":"warn","message":"Skipping trade for GMX-Arbitrum-20: Price data is unavailable or invalid (price: 0).","timestamp":"2024-12-08T08:04:29.159Z"}
{"level":"warn","message":"Skipping trade for GMX-Arbitrum-21: Price data is unavailable or invalid (price: 0).","timestamp":"2024-12-08T08:04:29.159Z"}
{"level":"warn","message":"Skipping trade for GMX-Arbitrum-22: Low confidence (0.30). Required: >= 0.7","timestamp":"2024-12-08T08:04:29.159Z"}
{"level":"warn","message":"Skipping trade for GMX-Arbitrum-23: Low confidence (0.31). Required: >= 0.7","timestamp":"2024-12-08T08:04:29.159Z"}
{"level":"warn","message":"Skipping trade for GMX-Arbitrum-24: Low confidence (0.65). Required: >= 0.7","timestamp":"2024-12-08T08:04:29.160Z"}
{"level":"warn","message":"Skipping trade for GMX-Arbitrum-25: Low confidence (0.33). Required: >= 0.7","timestamp":"2024-12-08T08:04:29.160Z"}
{"level":"warn","message":"Skipping trade for GMX-Arbitrum-26: Price data is unavailable or invalid (price: 0).","timestamp":"2024-12-08T08:04:29.160Z"}
{"level":"warn","message":"Skipping trade for GMX-Arbitrum-27: Low confidence (0.07). Required: >= 0.7","timestamp":"2024-12-08T08:04:29.160Z"}
{"level":"warn","message":"Skipping trade for GMX-Arbitrum-28: Low confidence (0.50). Required: >= 0.7","timestamp":"2024-12-08T08:04:29.160Z"}
{"level":"warn","message":"Skipping trade for GMX-Arbitrum-29: Price data is unavailable or invalid (price: 0).","timestamp":"2024-12-08T08:04:29.160Z"}
{"level":"warn","message":"Skipping trade for GMX-Arbitrum-30: Price data is unavailable or invalid (price: 0).","timestamp":"2024-12-08T08:04:29.160Z"}
{"level":"warn","message":"Skipping trade for GMX-Arbitrum-31: Low confidence (0.19). Required: >= 0.7","timestamp":"2024-12-08T08:04:29.160Z"}
{"level":"warn","message":"Skipping trade for GMX-Arbitrum-32: Low confidence (0.54). Required: >= 0.7","timestamp":"2024-12-08T08:04:29.160Z"}
{"level":"warn","message":"Skipping trade for GMX-Arbitrum-33: Low confidence (0.33). Required: >= 0.7","timestamp":"2024-12-08T08:04:29.161Z"}
{"level":"warn","message":"Skipping trade for GMX-Arbitrum-34: Low confidence (0.39). Required: >= 0.7","timestamp":"2024-12-08T08:04:29.161Z"}
{"level":"warn","message":"Skipping trade for GMX-Arbitrum-35: Low confidence (0.42). Required: >= 0.7","timestamp":"2024-12-08T08:04:29.161Z"}
{"level":"warn","message":"Skipping trade for GMX-Arbitrum-36: Low confidence (0.24). Required: >= 0.7","timestamp":"2024-12-08T08:04:29.161Z"}
{"level":"warn","message":"Skipping trade for GMX-Arbitrum-37: Price data is unavailable or invalid (price: 0).","timestamp":"2024-12-08T08:04:29.162Z"}
{"level":"warn","message":"Skipping trade for GMX-Arbitrum-38: Price data is unavailable or invalid (price: 0).","timestamp":"2024-12-08T08:04:29.162Z"}
{"level":"warn","message":"Skipping trade for GMX-Arbitrum-39: Price data is unavailable or invalid (price: 0).","timestamp":"2024-12-08T08:04:29.162Z"}
{"level":"warn","message":"Skipping trade for GMX-Arbitrum-40: Low confidence (0.39). Required: >= 0.7","timestamp":"2024-12-08T08:04:29.162Z"}
{"level":"warn","message":"Skipping trade for GMX-Arbitrum-41: Low confidence (0.50). Required: >= 0.7","timestamp":"2024-12-08T08:04:29.162Z"}
{"level":"warn","message":"Skipping trade for GMX-Arbitrum-42: Low confidence (0.24). Required: >= 0.7","timestamp":"2024-12-08T08:04:29.162Z"}
{"level":"warn","message":"Skipping trade for GMX-Arbitrum-43: Low confidence (0.62). Required: >= 0.7","timestamp":"2024-12-08T08:04:29.162Z"}
{"level":"warn","message":"Skipping trade for GMX-Arbitrum-44: Price data is unavailable or invalid (price: 0).","timestamp":"2024-12-08T08:04:29.162Z"}
{"level":"warn","message":"Skipping trade for GMX-Arbitrum-45: Low confidence (0.52). Required: >= 0.7","timestamp":"2024-12-08T08:04:29.162Z"}
{"level":"warn","message":"Skipping trade for GMX-Arbitrum-46: Price data is unavailable or invalid (price: 0).","timestamp":"2024-12-08T08:04:29.162Z"}
{"level":"warn","message":"Skipping trade for GMX-Arbitrum-47: Price data is unavailable or invalid (price: 0).","timestamp":"2024-12-08T08:04:29.162Z"}
{"level":"warn","message":"Skipping trade for GMX-Arbitrum-48: Price data is unavailable or invalid (price: 0).","timestamp":"2024-12-08T08:04:29.162Z"}
{"level":"warn","message":"Skipping trade for GMX-Arbitrum-49: Low confidence (0.05). Required: >= 0.7","timestamp":"2024-12-08T08:04:29.162Z"}
{"level":"warn","message":"Skipping trade for GMX-Arbitrum-50: Low confidence (0.61). Required: >= 0.7","timestamp":"2024-12-08T08:04:29.163Z"}
{"level":"warn","message":"Skipping trade for GMX-Arbitrum-51: Low confidence (0.02). Required: >= 0.7","timestamp":"2024-12-08T08:04:29.163Z"}
{"level":"warn","message":"Skipping trade for GMX-Arbitrum-52: Price data is unavailable or invalid (price: 0).","timestamp":"2024-12-08T08:04:29.163Z"}
{"level":"warn","message":"Skipping trade for GMX-Arbitrum-53: Low confidence (0.57). Required: >= 0.7","timestamp":"2024-12-08T08:04:29.163Z"}
{"level":"warn","message":"Skipping trade for GMX-Avalanche-0: Price data is unavailable or invalid (price: 0).","timestamp":"2024-12-08T08:04:29.163Z"}
{"level":"warn","message":"Skipping trade for GMX-Avalanche-1: Low confidence (0.26). Required: >= 0.7","timestamp":"2024-12-08T08:04:29.163Z"}
{"level":"warn","message":"Skipping trade for GMX-Avalanche-2: Low confidence (0.64). Required: >= 0.7","timestamp":"2024-12-08T08:04:29.163Z"}
{"level":"warn","message":"Skipping trade for GMX-Avalanche-3: Price data is unavailable or invalid (price: 0).","timestamp":"2024-12-08T08:04:29.163Z"}
{"level":"warn","message":"Skipping trade for GMX-Avalanche-4: Price data is unavailable or invalid (price: 0).","timestamp":"2024-12-08T08:04:29.163Z"}
{"level":"warn","message":"Skipping trade for GMX-Avalanche-5: Price data is unavailable or invalid (price: 0).","timestamp":"2024-12-08T08:04:29.163Z"}
{"level":"warn","message":"Skipping trade for GMX-Avalanche-6: Low confidence (0.42). Required: >= 0.7","timestamp":"2024-12-08T08:04:29.163Z"}
{"level":"warn","message":"Skipping trade for GMX-Avalanche-7: Low confidence (0.27). Required: >= 0.7","timestamp":"2024-12-08T08:04:29.163Z"}
{"level":"warn","message":"Skipping trade for GMX-Avalanche-8: Price data is unavailable or invalid (price: 0).","timestamp":"2024-12-08T08:04:29.163Z"}
{"level":"warn","message":"Skipping trade for GMX-Avalanche-9: Price data is unavailable or invalid (price: 0).","timestamp":"2024-12-08T08:04:29.164Z"}
{"level":"warn","message":"Skipping trade for GMX-Avalanche-10: Low confidence (0.47). Required: >= 0.7","timestamp":"2024-12-08T08:04:29.164Z"}
{"level":"warn","message":"Skipping trade for GMX-Avalanche-11: Price data is unavailable or invalid (price: 0).","timestamp":"2024-12-08T08:04:29.164Z"}
{"level":"warn","message":"Skipping trade for GMX-Avalanche-12: Low confidence (0.47). Required: >= 0.7","timestamp":"2024-12-08T08:04:29.164Z"}
{"level":"warn","message":"Skipping trade for GMX-Avalanche-13: Price data is unavailable or invalid (price: 0).","timestamp":"2024-12-08T08:04:29.164Z"}
{"level":"info","message":"Live trading session completed successfully.","timestamp":"2024-12-08T08:04:29.164Z"}
