
═══════════════════════════════════════════════════════
  AllMight — Dry Execution Engine
  Session: 20260522_0135
  Contract: 0xd2eaa2B2E0c475e418B1682d321eD77558D1b5Fb
  Candidates: 58 v2 survivors
───────────────────────────────────────────────────────
  ❌ 20.4bps → INSUFFICIENT_PROFIT gas=N/A net=$0.0502
  ❌ 20.4bps → INSUFFICIENT_PROFIT gas=N/A net=$0.0502
  ❌ 20.4bps → INSUFFICIENT_PROFIT gas=N/A net=$0.0502
  ❌ 20.4bps → INSUFFICIENT_PROFIT gas=N/A net=$0.0502
  ❌ 20.4bps → INSUFFICIENT_PROFIT gas=N/A net=$0.0502
  ❌ 20.4bps → INSUFFICIENT_PROFIT gas=N/A net=$0.0502
  ❌ 18.3bps → INSUFFICIENT_PROFIT gas=N/A net=$0.0067
  ❌ 18.3bps → INSUFFICIENT_PROFIT gas=N/A net=$0.0067
  ❌ 18.3bps → INSUFFICIENT_PROFIT gas=N/A net=$0.0067
  ❌ 18.3bps → INSUFFICIENT_PROFIT gas=N/A net=$0.0067
  ❌ 18.3bps → INSUFFICIENT_PROFIT gas=N/A net=$0.0067
  ❌ 18.1bps → INSUFFICIENT_PROFIT gas=N/A net=$0.0043
  ❌ 18.1bps → INSUFFICIENT_PROFIT gas=N/A net=$0.0043
  ❌ 24.4bps → INSUFFICIENT_PROFIT gas=N/A net=$0.0456
  ❌ 20.5bps → INSUFFICIENT_PROFIT gas=N/A net=$0.0065
  ❌ 20.5bps → INSUFFICIENT_PROFIT gas=N/A net=$0.0065
  ❌ 20.5bps → INSUFFICIENT_PROFIT gas=N/A net=$0.0065
  ❌ 20.5bps → INSUFFICIENT_PROFIT gas=N/A net=$0.0065
  ❌ 23.4bps → INSUFFICIENT_PROFIT gas=N/A net=$0.0358
  ❌ 23.4bps → INSUFFICIENT_PROFIT gas=N/A net=$0.0358
  ❌ 23.2bps → INSUFFICIENT_PROFIT gas=N/A net=$0.0337
  ❌ 23.2bps → INSUFFICIENT_PROFIT gas=N/A net=$0.0337
  ❌ 23.2bps → INSUFFICIENT_PROFIT gas=N/A net=$0.0337
  ❌ 23.2bps → INSUFFICIENT_PROFIT gas=N/A net=$0.0337
  ❌ 22.3bps → INSUFFICIENT_PROFIT gas=N/A net=$0.0244
  ❌ 20.9bps → INSUFFICIENT_PROFIT gas=N/A net=$0.0107
  ❌ 20.9bps → INSUFFICIENT_PROFIT gas=N/A net=$0.0107
  ❌ 20.9bps → INSUFFICIENT_PROFIT gas=N/A net=$0.0107
  ❌ 20.9bps → INSUFFICIENT_PROFIT gas=N/A net=$0.0107
  ❌ 20.9bps → INSUFFICIENT_PROFIT gas=N/A net=$0.0107
  ❌ 23.2bps → INSUFFICIENT_PROFIT gas=N/A net=$0.0335
  ❌ 22.7bps → INSUFFICIENT_PROFIT gas=N/A net=$0.0288
  ❌ 21.4bps → INSUFFICIENT_PROFIT gas=N/A net=$0.016
  ❌ 21.4bps → INSUFFICIENT_PROFIT gas=N/A net=$0.016
  ❌ 19.9bps → INSUFFICIENT_PROFIT gas=N/A net=$0.0011
  ❌ 19.9bps → INSUFFICIENT_PROFIT gas=N/A net=$0.0011
  ❌ 20.9bps → INSUFFICIENT_PROFIT gas=N/A net=$0.0106
  ❌ 20.4bps → INSUFFICIENT_PROFIT gas=N/A net=$0.0052
  ❌ 20.4bps → INSUFFICIENT_PROFIT gas=N/A net=$0.0052
  ❌ 20.4bps → INSUFFICIENT_PROFIT gas=N/A net=$0.0052
  ❌ 21.4bps → INSUFFICIENT_PROFIT gas=N/A net=$0.0155
  ❌ 21.4bps → INSUFFICIENT_PROFIT gas=N/A net=$0.0155
  ❌ 20.0bps → INSUFFICIENT_PROFIT gas=N/A net=$0.0019
  ❌ 19.9bps → INSUFFICIENT_PROFIT gas=N/A net=$0.0005
  ❌ 21.7bps → INSUFFICIENT_PROFIT gas=N/A net=$0.0184
  ❌ 21.7bps → INSUFFICIENT_PROFIT gas=N/A net=$0.0184
  ❌ 20.3bps → INSUFFICIENT_PROFIT gas=N/A net=$0.0048
  ❌ 20.5bps → INSUFFICIENT_PROFIT gas=N/A net=$0.0068
  ❌ 20.5bps → INSUFFICIENT_PROFIT gas=N/A net=$0.0068
  ❌ 20.5bps → INSUFFICIENT_PROFIT gas=N/A net=$0.0068
  ❌ 20.5bps → INSUFFICIENT_PROFIT gas=N/A net=$0.0068
  ❌ 26.2bps → INSUFFICIENT_PROFIT gas=N/A net=$0.0642
  ❌ 20.5bps → INSUFFICIENT_PROFIT gas=N/A net=$0.007
  ❌ 20.5bps → INSUFFICIENT_PROFIT gas=N/A net=$0.007
  ❌ 23.6bps → INSUFFICIENT_PROFIT gas=N/A net=$0.0374
  ❌ 21.1bps → INSUFFICIENT_PROFIT gas=N/A net=$0.0129
  ❌ 21.1bps → INSUFFICIENT_PROFIT gas=N/A net=$0.0129
  ❌ 20.6bps → INSUFFICIENT_PROFIT gas=N/A net=$0.008
───────────────────────────────────────────────────────
  Would execute:    0 / 58
  Would revert:     58 / 58
  Success rate:     0%
  Avg gas cost:     $N/A
  Executable PnL:   $0
  Rejected PnL:     $1.0735
  Top revert reasons:
    58× INSUFFICIENT_PROFIT
───────────────────────────────────────────────────────
  Ledger: /home/allmight/Allmight/logs/sessions/session_20260522_0135/shadow_dryrun_ledger.jsonl
  Totals: /home/allmight/Allmight/logs/sessions/session_20260522_0135/shadow_dryrun_totals.json
═══════════════════════════════════════════════════════
